// Jest Snapshot v1, https://goo.gl/fbAQLP

exports[`Home component should render successfully 1`] = `
<main>
  <button
    className="sc-bdVaJa ldXAlL"
    onClick={[Function]}
  >
    -
  </button>
  <small>
    0
  </small>
  <button
    className="sc-bdVaJa ldXAlL"
    onClick={[Function]}
  >
    +
  </button>
</main>
`;
